// Jest Snapshot v1, https://goo.gl/fbAQLP

exports[`SHould render expense list with empty message 1`] = `
<div>
  <p>
    No expenses
  </p>
</div>
`;

exports[`Should render expense list with given expenses 1`] = `
<div>
  <ExpenseListItem
    amount={130}
    createdAt={0}
    description="Gum"
    id="1"
    key="1"
    note=""
  />
  <ExpenseListItem
    amount={15000}
    createdAt={-345600000}
    description="Rent"
    id="2"
    key="2"
    note=""
  />
  <ExpenseListItem
    amount={2000}
    createdAt={345600000}
    description="Other"
    id="3"
    key="3"
    note=""
  />
</div>
`;
