// Jest Snapshot v1, https://goo.gl/fbAQLP

exports[`Should render Header correctly 1`] = `
<div>
  404 Not Found!
  <Link
    to="/"
  >
    Home Page
  </Link>
</div>
`;
